KCRR......
..........
..........
..........
..........
..........
..........
..........
kcrr......
..........

KCRR......
..........
..........
..........
..........
..........
..........
..........
kcrr......
..........

.CRR......
K.........
..........
..........
..........
..........
..........
..........
kcrr......
..........

..RR......
KC........
..........
..........
..........
..........
..........
..........
kcrr......
..........

...R......
KCR.......
..........
..........
..........
..........
..........
..........
kcrr......
..........

..........
KCRR......
..........
..........
..........
..........
..........
..........
kcrr......
..........

