KCRR......
..........
..........
..........
..........
..........
..........
..........
..........
kcrr......

KCRR......
..........
..........
..........
..........
..........
..........
..........
..........
kcrr......

K.RR......
.C........
..........
..........
..........
..........
..........
..........
..........
kcrr......

K.RR......
..........
.C........
..........
..........
..........
..........
..........
..........
kcrr......

K.RR......
..........
..........
.C........
..........
..........
..........
..........
..........
kcrr......

K.RR......
..........
..........
..........
.C........
..........
..........
..........
..........
kcrr......

