KCRR.....
.........
.........
.........
.........
.........
.........
.........
kcrr.....

KCRR.....
.........
.........
.........
.........
.........
.........
.........
kcrr.....

.CRR.....
K........
.........
.........
.........
.........
.........
.........
kcrr.....

