KCRR.....
.........
.........
.........
.........
.........
.........
.........
kcrr.....

KCRR.....
.........
.........
.........
.........
.........
.........
.........
kcrr.....

.CRR.....
K........
.........
.........
.........
.........
.........
.........
kcrr.....

..RR.....
KC.......
.........
.........
.........
.........
.........
.........
kcrr.....

..RR.....
KC.......
.........
.........
.........
.........
.........
k........
.crr.....

