KCRR......
..........
..........
..........
..........
..........
..........
..........
kcrr......
..........

KCRR......
..........
..........
..........
..........
..........
..........
..........
kcrr......
..........

KC.R......
.R........
..........
..........
..........
..........
..........
..........
kcrr......
..........

KC.R......
.R........
..........
..........
..........
..........
..........
k.........
.crr......
..........

KC.R......
..........
R.........
..........
..........
..........
..........
k.........
.crr......
..........

KC.R......
..........
R.........
..........
..........
..........
k.........
..........
.crr......
..........

KC.R......
..........
..........
R.........
..........
..........
k.........
..........
.crr......
..........

KC.R......
..........
..........
R.........
..........
k.........
..........
..........
.crr......
..........

KC.R......
..........
..........
..........
R.........
k.........
..........
..........
.crr......
..........

